// Jest Snapshot v1, https://goo.gl/fbAQLP

exports[`WebQL React documentMode and importDocumentNodeExternallyFrom should generate definitions Document variable when documentMode is "documentNode" and nested fragments 1`] = `
"export const CFieldsFragmentDoc: DocumentNode = {\\"kind\\":\\"Document\\",\\"definitions\\":[{\\"kind\\":\\"FragmentDefinition\\",\\"name\\":{\\"kind\\":\\"Name\\",\\"value\\":\\"CFields\\"},\\"typeCondition\\":{\\"kind\\":\\"NamedType\\",\\"name\\":{\\"kind\\":\\"Name\\",\\"value\\":\\"C\\"}},\\"directives\\":[],\\"selectionSet\\":{\\"kind\\":\\"SelectionSet\\",\\"selections\\":[{\\"kind\\":\\"Field\\",\\"name\\":{\\"kind\\":\\"Name\\",\\"value\\":\\"greeting\\"},\\"arguments\\":[],\\"directives\\":[]}]}}]};
export const BFieldsFragmentDoc: DocumentNode = {\\"kind\\":\\"Document\\",\\"definitions\\":[{\\"kind\\":\\"FragmentDefinition\\",\\"name\\":{\\"kind\\":\\"Name\\",\\"value\\":\\"BFields\\"},\\"typeCondition\\":{\\"kind\\":\\"NamedType\\",\\"name\\":{\\"kind\\":\\"Name\\",\\"value\\":\\"B\\"}},\\"directives\\":[],\\"selectionSet\\":{\\"kind\\":\\"SelectionSet\\",\\"selections\\":[{\\"kind\\":\\"Field\\",\\"name\\":{\\"kind\\":\\"Name\\",\\"value\\":\\"cs\\"},\\"arguments\\":[],\\"directives\\":[],\\"selectionSet\\":{\\"kind\\":\\"SelectionSet\\",\\"selections\\":[{\\"kind\\":\\"FragmentSpread\\",\\"name\\":{\\"kind\\":\\"Name\\",\\"value\\":\\"CFields\\"},\\"directives\\":[]}]}}]}},{\\"kind\\":\\"FragmentDefinition\\",\\"name\\":{\\"kind\\":\\"Name\\",\\"value\\":\\"CFields\\"},\\"typeCondition\\":{\\"kind\\":\\"NamedType\\",\\"name\\":{\\"kind\\":\\"Name\\",\\"value\\":\\"C\\"}},\\"directives\\":[],\\"selectionSet\\":{\\"kind\\":\\"SelectionSet\\",\\"selections\\":[{\\"kind\\":\\"Field\\",\\"name\\":{\\"kind\\":\\"Name\\",\\"value\\":\\"greeting\\"},\\"arguments\\":[],\\"directives\\":[]}]}}]};
export const AFieldsFragmentDoc: DocumentNode = {\\"kind\\":\\"Document\\",\\"definitions\\":[{\\"kind\\":\\"FragmentDefinition\\",\\"name\\":{\\"kind\\":\\"Name\\",\\"value\\":\\"AFields\\"},\\"typeCondition\\":{\\"kind\\":\\"NamedType\\",\\"name\\":{\\"kind\\":\\"Name\\",\\"value\\":\\"A\\"}},\\"directives\\":[],\\"selectionSet\\":{\\"kind\\":\\"SelectionSet\\",\\"selections\\":[{\\"kind\\":\\"Field\\",\\"name\\":{\\"kind\\":\\"Name\\",\\"value\\":\\"bs\\"},\\"arguments\\":[],\\"directives\\":[],\\"selectionSet\\":{\\"kind\\":\\"SelectionSet\\",\\"selections\\":[{\\"kind\\":\\"FragmentSpread\\",\\"name\\":{\\"kind\\":\\"Name\\",\\"value\\":\\"BFields\\"},\\"directives\\":[]}]}}]}},{\\"kind\\":\\"FragmentDefinition\\",\\"name\\":{\\"kind\\":\\"Name\\",\\"value\\":\\"BFields\\"},\\"typeCondition\\":{\\"kind\\":\\"NamedType\\",\\"name\\":{\\"kind\\":\\"Name\\",\\"value\\":\\"B\\"}},\\"directives\\":[],\\"selectionSet\\":{\\"kind\\":\\"SelectionSet\\",\\"selections\\":[{\\"kind\\":\\"Field\\",\\"name\\":{\\"kind\\":\\"Name\\",\\"value\\":\\"cs\\"},\\"arguments\\":[],\\"directives\\":[],\\"selectionSet\\":{\\"kind\\":\\"SelectionSet\\",\\"selections\\":[{\\"kind\\":\\"FragmentSpread\\",\\"name\\":{\\"kind\\":\\"Name\\",\\"value\\":\\"CFields\\"},\\"directives\\":[]}]}}]}},{\\"kind\\":\\"FragmentDefinition\\",\\"name\\":{\\"kind\\":\\"Name\\",\\"value\\":\\"CFields\\"},\\"typeCondition\\":{\\"kind\\":\\"NamedType\\",\\"name\\":{\\"kind\\":\\"Name\\",\\"value\\":\\"C\\"}},\\"directives\\":[],\\"selectionSet\\":{\\"kind\\":\\"SelectionSet\\",\\"selections\\":[{\\"kind\\":\\"Field\\",\\"name\\":{\\"kind\\":\\"Name\\",\\"value\\":\\"greeting\\"},\\"arguments\\":[],\\"directives\\":[]}]}}]};
export const TestDocument: DocumentNode = {\\"kind\\":\\"Document\\",\\"definitions\\":[{\\"kind\\":\\"OperationDefinition\\",\\"operation\\":\\"query\\",\\"name\\":{\\"kind\\":\\"Name\\",\\"value\\":\\"Test\\"},\\"variableDefinitions\\":[],\\"directives\\":[],\\"selectionSet\\":{\\"kind\\":\\"SelectionSet\\",\\"selections\\":[{\\"kind\\":\\"Field\\",\\"name\\":{\\"kind\\":\\"Name\\",\\"value\\":\\"a\\"},\\"arguments\\":[],\\"directives\\":[],\\"selectionSet\\":{\\"kind\\":\\"SelectionSet\\",\\"selections\\":[{\\"kind\\":\\"FragmentSpread\\",\\"name\\":{\\"kind\\":\\"Name\\",\\"value\\":\\"AFields\\"},\\"directives\\":[]}]}}]}},{\\"kind\\":\\"FragmentDefinition\\",\\"name\\":{\\"kind\\":\\"Name\\",\\"value\\":\\"AFields\\"},\\"typeCondition\\":{\\"kind\\":\\"NamedType\\",\\"name\\":{\\"kind\\":\\"Name\\",\\"value\\":\\"A\\"}},\\"directives\\":[],\\"selectionSet\\":{\\"kind\\":\\"SelectionSet\\",\\"selections\\":[{\\"kind\\":\\"Field\\",\\"name\\":{\\"kind\\":\\"Name\\",\\"value\\":\\"bs\\"},\\"arguments\\":[],\\"directives\\":[],\\"selectionSet\\":{\\"kind\\":\\"SelectionSet\\",\\"selections\\":[{\\"kind\\":\\"FragmentSpread\\",\\"name\\":{\\"kind\\":\\"Name\\",\\"value\\":\\"BFields\\"},\\"directives\\":[]}]}}]}},{\\"kind\\":\\"FragmentDefinition\\",\\"name\\":{\\"kind\\":\\"Name\\",\\"value\\":\\"BFields\\"},\\"typeCondition\\":{\\"kind\\":\\"NamedType\\",\\"name\\":{\\"kind\\":\\"Name\\",\\"value\\":\\"B\\"}},\\"directives\\":[],\\"selectionSet\\":{\\"kind\\":\\"SelectionSet\\",\\"selections\\":[{\\"kind\\":\\"Field\\",\\"name\\":{\\"kind\\":\\"Name\\",\\"value\\":\\"cs\\"},\\"arguments\\":[],\\"directives\\":[],\\"selectionSet\\":{\\"kind\\":\\"SelectionSet\\",\\"selections\\":[{\\"kind\\":\\"FragmentSpread\\",\\"name\\":{\\"kind\\":\\"Name\\",\\"value\\":\\"CFields\\"},\\"directives\\":[]}]}}]}},{\\"kind\\":\\"FragmentDefinition\\",\\"name\\":{\\"kind\\":\\"Name\\",\\"value\\":\\"CFields\\"},\\"typeCondition\\":{\\"kind\\":\\"NamedType\\",\\"name\\":{\\"kind\\":\\"Name\\",\\"value\\":\\"C\\"}},\\"directives\\":[],\\"selectionSet\\":{\\"kind\\":\\"SelectionSet\\",\\"selections\\":[{\\"kind\\":\\"Field\\",\\"name\\":{\\"kind\\":\\"Name\\",\\"value\\":\\"greeting\\"},\\"arguments\\":[],\\"directives\\":[]}]}}]};
export type TestQueryResult = WebQLClient.QueryResult<TestQuery>;"
`;
